[2m오후 2:09:19[22m [33m[1m[vite][22m[39m [33m[2m(client)[22m[39m [33mwarning: [33mThe following expression is not returned because of an automatically-inserted semicolon[33m
71 |        if (eventType) params.set('event_type', eventType)
72 |        const query = params.toString()
73 |        return
   |              ^
74 |        request<EventCandidate[]>(
75 |          `/event-candidates${query ? `?${query}` : ''}`,
[39m
  Plugin: [35mvite:esbuild[39m
  File: [36mC:/git/schedule_music/web/src/api/client.ts[39m
[2m오후 2:13:42[22m [31m[1m[vite][22m[39m [31mhttp proxy error: /artists[39m
Error: read ECONNRESET
    at TCP.onStreamRead (node:internal/stream_base_commons:216:20)
[2m오후 4:37:57[22m [31m[1m[vite][22m[39m [31mInternal server error: v-else/v-else-if has no adjacent v-if or v-else-if.[39m
  Plugin: [35mvite:vue[39m
  File: [36mC:/git/schedule_music/web/src/pages/YouTubeLivesPage.vue[39m:132:7
[33m  130 |        </div>
  131 |        <small class="avatar-credit">프로필 이미지: X · unavatar</small>
  132 |        <div v-else class="empty-state"><strong>등록된 아티스트가 없습니다</strong><p>먼저 아티스트 관리에서 아티스트를 등록하세요.</p></div>
      |         ^
  133 |      </section>
  134 |  [39m
      at createCompilerError (C:\git\schedule_music\web\node_modules\@vue\compiler-core\dist\compiler-core.cjs.js:1378:17)
      at processIf (C:\git\schedule_music\web\node_modules\@vue\compiler-core\dist\compiler-core.cjs.js:4803:11)
      at C:\git\schedule_music\web\node_modules\@vue\compiler-core\dist\compiler-core.cjs.js:4705:12
      at Array.<anonymous> (C:\git\schedule_music\web\node_modules\@vue\compiler-core\dist\compiler-core.cjs.js:3686:26)
      at traverseNode (C:\git\schedule_music\web\node_modules\@vue\compiler-core\dist\compiler-core.cjs.js:3628:38)
      at traverseChildren (C:\git\schedule_music\web\node_modules\@vue\compiler-core\dist\compiler-core.cjs.js:3620:5)
      at traverseNode (C:\git\schedule_music\web\node_modules\@vue\compiler-core\dist\compiler-core.cjs.js:3663:7)
      at traverseChildren (C:\git\schedule_music\web\node_modules\@vue\compiler-core\dist\compiler-core.cjs.js:3620:5)
      at traverseNode (C:\git\schedule_music\web\node_modules\@vue\compiler-core\dist\compiler-core.cjs.js:3663:7)
      at traverseChildren (C:\git\schedule_music\web\node_modules\@vue\compiler-core\dist\compiler-core.cjs.js:3620:5)
[2m오후 4:37:57[22m [31m[1m[vite][22m[39m [31mInternal server error: v-else/v-else-if has no adjacent v-if or v-else-if.[39m
  Plugin: [35mvite:vue[39m
  File: [36mC:/git/schedule_music/web/src/pages/YouTubeLivesPage.vue[39m:132:7
[33m  130 |        </div>
  131 |        <small class="avatar-credit">프로필 이미지: X · unavatar</small>
  132 |        <div v-else class="empty-state"><strong>등록된 아티스트가 없습니다</strong><p>먼저 아티스트 관리에서 아티스트를 등록하세요.</p></div>
      |         ^
  133 |      </section>
  134 |  [39m
      at createCompilerError (C:\git\schedule_music\web\node_modules\@vue\compiler-core\dist\compiler-core.cjs.js:1378:17)
      at processIf (C:\git\schedule_music\web\node_modules\@vue\compiler-core\dist\compiler-core.cjs.js:4803:11)
      at C:\git\schedule_music\web\node_modules\@vue\compiler-core\dist\compiler-core.cjs.js:4705:12
      at Array.<anonymous> (C:\git\schedule_music\web\node_modules\@vue\compiler-core\dist\compiler-core.cjs.js:3686:26)
      at traverseNode (C:\git\schedule_music\web\node_modules\@vue\compiler-core\dist\compiler-core.cjs.js:3628:38)
      at traverseChildren (C:\git\schedule_music\web\node_modules\@vue\compiler-core\dist\compiler-core.cjs.js:3620:5)
      at traverseNode (C:\git\schedule_music\web\node_modules\@vue\compiler-core\dist\compiler-core.cjs.js:3663:7)
      at traverseChildren (C:\git\schedule_music\web\node_modules\@vue\compiler-core\dist\compiler-core.cjs.js:3620:5)
      at traverseNode (C:\git\schedule_music\web\node_modules\@vue\compiler-core\dist\compiler-core.cjs.js:3663:7)
      at traverseChildren (C:\git\schedule_music\web\node_modules\@vue\compiler-core\dist\compiler-core.cjs.js:3620:5)
