
> schedule-music-web@0.1.0 dev
> vite


  [32m[1mVITE[22m v7.3.6[39m  [2mready in [0m[1m1063[22m[2m[0m ms[22m

  [32m➜[39m  [1mLocal[22m:   [36mhttp://localhost:[1m5173[22m/[39m
[2m  [32m➜[39m  [1mNetwork[22m[2m: use [22m[1m--host[22m[2m to expose[22m
[2m오전 9:03:39[22m [36m[1m[vite][22m[39m [90m[2m(client)[22m[39m [32mhmr update [39m[2m/src/App.vue, /src/styles.css[22m
[2m오전 9:03:40[22m [36m[1m[vite][22m[39m [90m[2m(client)[22m[39m [32mhmr update [39m[2m/src/styles.css[22m
[2m오전 9:07:06[22m [36m[1m[vite][22m[39m [90m[2m(client)[22m[39m [32mhmr update [39m[2m/src/App.vue, /src/styles.css[22m
[2m오전 9:07:25[22m [36m[1m[vite][22m[39m [90m[2m(client)[22m[39m [32mhmr update [39m[2m/src/App.vue, /src/styles.css[22m
[2m오전 9:07:51[22m [36m[1m[vite][22m[39m [90m[2m(client)[22m[39m [32mhmr update [39m[2m/src/styles.css[22m
[2m오전 9:08:15[22m [36m[1m[vite][22m[39m [90m[2m(client)[22m[39m [32mhmr update [39m[2m/src/App.vue, /src/styles.css[22m
[2m오전 9:08:26[22m [36m[1m[vite][22m[39m [90m[2m(client)[22m[39m [32mhmr update [39m[2m/src/styles.css[22m
[2m오전 9:11:20[22m [36m[1m[vite][22m[39m [90m[2m(client)[22m[39m [32mhmr update [39m[2m/src/pages/YouTubeLivesPage.vue?vue&type=style&index=0&scoped=4fb710d8&lang.css, /src/styles.css[22m
[2m오전 9:13:03[22m [36m[1m[vite][22m[39m [90m[2m(client)[22m[39m [32mhmr update [39m[2m/src/pages/YouTubeLivesPage.vue?vue&type=style&index=0&scoped=4fb710d8&lang.css, /src/styles.css[22m
[2m오전 9:19:44[22m [36m[1m[vite][22m[39m [90m[2m(client)[22m[39m [32mhmr update [39m[2m/src/pages/YouTubeLivesPage.vue, /src/pages/YouTubeLivesPage.vue?vue&type=style&index=0&scoped=4fb710d8&lang.css, /src/styles.css[22m
[2m오전 9:21:16[22m [36m[1m[vite][22m[39m [90m[2m(client)[22m[39m [32mhmr update [39m[2m/src/pages/YouTubeLivesPage.vue?vue&type=style&index=0&scoped=4fb710d8&lang.css, /src/styles.css[22m
[2m오전 9:22:36[22m [36m[1m[vite][22m[39m [90m[2m(client)[22m[39m [32mhmr update [39m[2m/src/pages/YouTubeLivesPage.vue?vue&type=style&index=0&scoped=4fb710d8&lang.css, /src/styles.css[22m
[2m오전 9:23:19[22m [36m[1m[vite][22m[39m [90m[2m(client)[22m[39m [32mhmr update [39m[2m/src/pages/YouTubeLivesPage.vue?vue&type=style&index=0&scoped=4fb710d8&lang.css, /src/styles.css[22m
[2m오전 9:29:53[22m [36m[1m[vite][22m[39m [90m[2m(client)[22m[39m [32mhmr update [39m[2m/src/pages/YouTubeLivesPage.vue, /src/styles.css[22m
[2m오전 9:30:27[22m [36m[1m[vite][22m[39m [90m[2m(client)[22m[39m [32mhmr update [39m[2m/src/pages/YouTubeLivesPage.vue, /src/styles.css[22m
[2m오전 9:31:00[22m [36m[1m[vite][22m[39m [90m[2m(client)[22m[39m [32mhmr update [39m[2m/src/pages/YouTubeLivesPage.vue, /src/styles.css[22m
[2m오전 9:31:37[22m [36m[1m[vite][22m[39m [90m[2m(client)[22m[39m [32mhmr update [39m[2m/src/pages/YouTubeLivesPage.vue?vue&type=style&index=0&scoped=4fb710d8&lang.css, /src/styles.css[22m
[2m오전 9:31:53[22m [36m[1m[vite][22m[39m [90m[2m(client)[22m[39m [32mhmr update [39m[2m/src/styles.css, /src/App.vue, /src/pages/DashboardPage.vue, /src/pages/EventsPage.vue, /src/pages/MusicLibraryPage.vue, /src/pages/LyricsRegistrationPage.vue, /src/pages/YouTubeLivesPage.vue, /src/pages/WikiStudioPage.vue, /src/pages/SettingsPage.vue, /src/pages/ArtistsPage.vue[22m
[2m오전 9:38:36[22m [36m[1m[vite][22m[39m [90m[2m(client)[22m[39m [32mhmr update [39m[2m/src/pages/YouTubeLivesPage.vue, /src/styles.css[22m
[2m오전 9:39:30[22m [36m[1m[vite][22m[39m [90m[2m(client)[22m[39m [32mhmr update [39m[2m/src/styles.css[22m
[2m오전 9:55:33[22m [36m[1m[vite][22m[39m [90m[2m(client)[22m[39m [32mhmr update [39m[2m/src/styles.css[22m
[2m오전 9:55:33[22m [36m[1m[vite][22m[39m [90m[2m(client)[22m[39m [32mhmr update [39m[2m/src/styles.css, /src/App.vue, /src/pages/DashboardPage.vue, /src/pages/EventsPage.vue, /src/pages/MusicLibraryPage.vue, /src/pages/LyricsRegistrationPage.vue, /src/pages/YouTubeLivesPage.vue, /src/pages/WikiStudioPage.vue, /src/pages/SettingsPage.vue, /src/pages/ArtistsPage.vue[22m
[2m오전 9:55:54[22m [36m[1m[vite][22m[39m [90m[2m(client)[22m[39m [32mhmr update [39m[2m/src/pages/YouTubeLivesPage.vue, /src/styles.css[22m
[2m오전 9:56:38[22m [36m[1m[vite][22m[39m [90m[2m(client)[22m[39m [32mhmr update [39m[2m/src/pages/YouTubeLivesPage.vue, /src/styles.css[22m
[2m오전 9:57:02[22m [36m[1m[vite][22m[39m [90m[2m(client)[22m[39m [32mhmr update [39m[2m/src/pages/YouTubeLivesPage.vue, /src/styles.css[22m
[2m오전 9:57:08[22m [36m[1m[vite][22m[39m [90m[2m(client)[22m[39m [32mhmr update [39m[2m/src/pages/YouTubeLivesPage.vue, /src/styles.css[22m
[2m오전 9:57:21[22m [36m[1m[vite][22m[39m [90m[2m(client)[22m[39m [32mhmr update [39m[2m/src/pages/YouTubeLivesPage.vue?vue&type=style&index=0&scoped=4fb710d8&lang.css, /src/styles.css[22m
[2m오전 9:58:00[22m [36m[1m[vite][22m[39m [90m[2m(client)[22m[39m [32mhmr update [39m[2m/src/pages/YouTubeLivesPage.vue, /src/styles.css[22m
[2m오전 10:00:48[22m [36m[1m[vite][22m[39m [90m[2m(client)[22m[39m [32mhmr update [39m[2m/src/pages/YouTubeLivesPage.vue, /src/styles.css[22m
[2m오전 10:03:00[22m [36m[1m[vite][22m[39m [90m[2m(client)[22m[39m [32mhmr update [39m[2m/src/pages/YouTubeLivesPage.vue, /src/styles.css[22m
[2m오전 10:03:00[22m [36m[1m[vite][22m[39m [90m[2m(client)[22m[39m [32mhmr update [39m[2m/src/pages/YouTubeLivesPage.vue, /src/styles.css[22m
[2m오전 10:03:08[22m [36m[1m[vite][22m[39m [90m[2m(client)[22m[39m [32mhmr update [39m[2m/src/pages/YouTubeLivesPage.vue, /src/styles.css[22m
